硬盘缓冲时间：0.437216 秒
